[32mINFO[39m  System info[90m {"apifyVersion":"3.5.3","apifyClientVersion":"2.22.0","crawleeVersion":"3.15.3","osType":"Windows_NT","nodeVersion":"v24.5.0"}[39m
node.exe : [33mWARN[39m 
[33m 
ProxyConfiguration:[39m No 
proxy password or token 
detected, running without 
proxy. To use Apify Proxy 
locally, provide 
options.password or 
"APIFY_PROXY_PASSWORD" 
environment variable. You 
can also provide your Apify 
token via the "APIFY_TOKEN" 
environment variable, so 
that the SDK can fetch the 
proxy password from Apify 
API, when 
APIFY_PROXY_PASSWORD is not 
defined
At line:1 char:1
+ & "C:\Program 
Files\nodejs/node.exe" 
"C:\Program 
Files\nodejs/node_mo ...
+ ~~~~~~~~~~~~~~~~~~~~~~~~~~~
~~~~~~~~~~~~~~~~~~~~~~~~~~~~~
~~~~~~~~~~~~~
    + CategoryInfo           
   : NotSpecified: ([33mWA  
  RN[39m ... is not defin   
 ed:String) [], RemoteExc    
eption
    + FullyQualifiedErrorId  
   : NativeCommandError
 
[33mWARN[39m [33m 
ProxyConfiguration:[39m 
Invalid password provided: 
User not found.
C:\Users\Sai\Desktop\indeed s
craper\indeed-actor\test-debu
g.ts:8
const proxyUrl = await 
proxyConfiguration.newUrl();
                             
             ^


TypeError: Cannot read 
properties of undefined 
(reading 'newUrl')
    at <anonymous> 
(C:\Users\Sai\Desktop\indeed 
scraper\indeed-actor\test-deb
ug.ts:8:43)
    at process.processTicksAn
dRejections (node:internal/pr
ocess/task_queues:105:5)

Node.js v24.5.0
